Archive member included to satisfy reference by file (symbol)

/usr/local/mcuxpressoide-11.0.1_2563/ide/plugins/com.nxp.mcuxpresso.tools.linux_11.0.1.201907311258/tools/bin/../lib/gcc/arm-none-eabi/8.2.1/../../../../arm-none-eabi/lib/thumb/v7-m/nofp/libcr_c.a(__weak__main.o)
                              ./src/cr_startup_lpc175x_6x.o (__main)

Discarded input sections

 .group         0x0000000000000000        0xc ./src/TPO2019.o
 .group         0x0000000000000000        0xc ./src/TPO2019.o
 .group         0x0000000000000000        0xc ./src/TPO2019.o
 .group         0x0000000000000000        0xc ./src/TPO2019.o
 .group         0x0000000000000000        0xc ./src/TPO2019.o
 .group         0x0000000000000000        0xc ./src/TPO2019.o
 .group         0x0000000000000000        0xc ./src/TPO2019.o
 .group         0x0000000000000000        0xc ./src/TPO2019.o
 .group         0x0000000000000000        0xc ./src/TPO2019.o
 .group         0x0000000000000000        0xc ./src/TPO2019.o
 .group         0x0000000000000000        0xc ./src/TPO2019.o
 .text          0x0000000000000000        0x0 ./src/TPO2019.o
 .data          0x0000000000000000        0x0 ./src/TPO2019.o
 .bss           0x0000000000000000        0x0 ./src/TPO2019.o
 .bss.auxCommand
                0x0000000000000000        0x1 ./src/TPO2019.o
 .bss.tramaGPS  0x0000000000000000       0x7c ./src/TPO2019.o
 .text.poolFlagGPS
                0x0000000000000000       0x40 ./src/TPO2019.o
 .bss.cursor.4240
                0x0000000000000000        0x4 ./src/TPO2019.o
 .group         0x0000000000000000        0xc ./src/cr_startup_lpc175x_6x.o
 .text          0x0000000000000000        0x0 ./src/cr_startup_lpc175x_6x.o
 .data          0x0000000000000000        0x0 ./src/cr_startup_lpc175x_6x.o
 .bss           0x0000000000000000        0x0 ./src/cr_startup_lpc175x_6x.o
 .debug_macro   0x0000000000000000      0xa9c ./src/cr_startup_lpc175x_6x.o
 .group         0x0000000000000000        0xc ./src/crp.o
 .group         0x0000000000000000        0xc ./src/crp.o
 .text          0x0000000000000000        0x0 ./src/crp.o
 .data          0x0000000000000000        0x0 ./src/crp.o
 .bss           0x0000000000000000        0x0 ./src/crp.o
 .debug_macro   0x0000000000000000      0xa9c ./src/crp.o
 .group         0x0000000000000000        0xc ./library/FW_Timertick.o
 .group         0x0000000000000000        0xc ./library/FW_Timertick.o
 .group         0x0000000000000000        0xc ./library/FW_Timertick.o
 .group         0x0000000000000000        0xc ./library/FW_Timertick.o
 .group         0x0000000000000000        0xc ./library/FW_Timertick.o
 .group         0x0000000000000000        0xc ./library/FW_Timertick.o
 .group         0x0000000000000000        0xc ./library/FW_Timertick.o
 .group         0x0000000000000000        0xc ./library/FW_Timertick.o
 .group         0x0000000000000000        0xc ./library/FW_Timertick.o
 .group         0x0000000000000000        0xc ./library/FW_Timertick.o
 .text          0x0000000000000000        0x0 ./library/FW_Timertick.o
 .data          0x0000000000000000        0x0 ./library/FW_Timertick.o
 .bss           0x0000000000000000        0x0 ./library/FW_Timertick.o
 .debug_macro   0x0000000000000000      0xa9c ./library/FW_Timertick.o
 .debug_macro   0x0000000000000000       0x10 ./library/FW_Timertick.o
 .debug_macro   0x0000000000000000      0x12e ./library/FW_Timertick.o
 .debug_macro   0x0000000000000000       0xa0 ./library/FW_Timertick.o
 .debug_macro   0x0000000000000000      0x5b3 ./library/FW_Timertick.o
 .debug_macro   0x0000000000000000     0x164c ./library/FW_Timertick.o
 .debug_macro   0x0000000000000000      0x768 ./library/FW_Timertick.o
 .debug_macro   0x0000000000000000      0x7a6 ./library/FW_Timertick.o
 .debug_macro   0x0000000000000000       0x40 ./library/FW_Timertick.o
 .debug_macro   0x0000000000000000       0x28 ./library/FW_Timertick.o
 .group         0x0000000000000000        0xc ./library/My_Uart.o
 .group         0x0000000000000000        0xc ./library/My_Uart.o
 .group         0x0000000000000000        0xc ./library/My_Uart.o
 .group         0x0000000000000000        0xc ./library/My_Uart.o
 .group         0x0000000000000000        0xc ./library/My_Uart.o
 .group         0x0000000000000000        0xc ./library/My_Uart.o
 .group         0x0000000000000000        0xc ./library/My_Uart.o
 .group         0x0000000000000000        0xc ./library/My_Uart.o
 .group         0x0000000000000000        0xc ./library/My_Uart.o
 .group         0x0000000000000000        0xc ./library/My_Uart.o
 .text          0x0000000000000000        0x0 ./library/My_Uart.o
 .data          0x0000000000000000        0x0 ./library/My_Uart.o
 .bss           0x0000000000000000        0x0 ./library/My_Uart.o
 .text.UART1_PushTx
                0x0000000000000000       0x74 ./library/My_Uart.o
 .text.UART1_SendData
                0x0000000000000000       0x34 ./library/My_Uart.o
 .debug_macro   0x0000000000000000      0xa9c ./library/My_Uart.o
 .debug_macro   0x0000000000000000       0x10 ./library/My_Uart.o
 .debug_macro   0x0000000000000000      0x12e ./library/My_Uart.o
 .debug_macro   0x0000000000000000       0xa0 ./library/My_Uart.o
 .debug_macro   0x0000000000000000      0x5b3 ./library/My_Uart.o
 .debug_macro   0x0000000000000000     0x164c ./library/My_Uart.o
 .debug_macro   0x0000000000000000      0x768 ./library/My_Uart.o
 .debug_macro   0x0000000000000000      0x7a6 ./library/My_Uart.o
 .debug_macro   0x0000000000000000       0x40 ./library/My_Uart.o
 .debug_macro   0x0000000000000000       0x28 ./library/My_Uart.o
 .group         0x0000000000000000        0xc ./library/PLL.o
 .group         0x0000000000000000        0xc ./library/PLL.o
 .group         0x0000000000000000        0xc ./library/PLL.o
 .group         0x0000000000000000        0xc ./library/PLL.o
 .group         0x0000000000000000        0xc ./library/PLL.o
 .group         0x0000000000000000        0xc ./library/PLL.o
 .group         0x0000000000000000        0xc ./library/PLL.o
 .text          0x0000000000000000        0x0 ./library/PLL.o
 .data          0x0000000000000000        0x0 ./library/PLL.o
 .bss           0x0000000000000000        0x0 ./library/PLL.o
 .debug_macro   0x0000000000000000      0xa9c ./library/PLL.o
 .debug_macro   0x0000000000000000       0x10 ./library/PLL.o
 .debug_macro   0x0000000000000000      0x12e ./library/PLL.o
 .debug_macro   0x0000000000000000      0x5b3 ./library/PLL.o
 .debug_macro   0x0000000000000000     0x164c ./library/PLL.o
 .debug_macro   0x0000000000000000      0x768 ./library/PLL.o
 .group         0x0000000000000000        0xc ./library/drv_base.o
 .group         0x0000000000000000        0xc ./library/drv_base.o
 .group         0x0000000000000000        0xc ./library/drv_base.o
 .group         0x0000000000000000        0xc ./library/drv_base.o
 .group         0x0000000000000000        0xc ./library/drv_base.o
 .group         0x0000000000000000        0xc ./library/drv_base.o
 .text          0x0000000000000000        0x0 ./library/drv_base.o
 .data          0x0000000000000000        0x0 ./library/drv_base.o
 .bss           0x0000000000000000        0x0 ./library/drv_base.o
 .text.GetPIN   0x0000000000000000       0x52 ./library/drv_base.o
 .debug_macro   0x0000000000000000      0xa9c ./library/drv_base.o
 .debug_macro   0x0000000000000000       0x10 ./library/drv_base.o
 .debug_macro   0x0000000000000000      0x12e ./library/drv_base.o
 .debug_macro   0x0000000000000000      0x5b3 ./library/drv_base.o
 .debug_macro   0x0000000000000000     0x164c ./library/drv_base.o
 .debug_macro   0x0000000000000000      0x768 ./library/drv_base.o
 .group         0x0000000000000000        0xc ./library/handlerMotor.o
 .group         0x0000000000000000        0xc ./library/handlerMotor.o
 .group         0x0000000000000000        0xc ./library/handlerMotor.o
 .group         0x0000000000000000        0xc ./library/handlerMotor.o
 .group         0x0000000000000000        0xc ./library/handlerMotor.o
 .group         0x0000000000000000        0xc ./library/handlerMotor.o
 .group         0x0000000000000000        0xc ./library/handlerMotor.o
 .group         0x0000000000000000        0xc ./library/handlerMotor.o
 .group         0x0000000000000000        0xc ./library/handlerMotor.o
 .group         0x0000000000000000        0xc ./library/handlerMotor.o
 .text          0x0000000000000000        0x0 ./library/handlerMotor.o
 .data          0x0000000000000000        0x0 ./library/handlerMotor.o
 .bss           0x0000000000000000        0x0 ./library/handlerMotor.o
 .text.izquierdaCC
                0x0000000000000000       0x10 ./library/handlerMotor.o
 .text.derechaCC
                0x0000000000000000       0x10 ./library/handlerMotor.o
 .text.notCommand
                0x0000000000000000       0x86 ./library/handlerMotor.o
 .debug_macro   0x0000000000000000      0xa9c ./library/handlerMotor.o
 .debug_macro   0x0000000000000000       0x10 ./library/handlerMotor.o
 .debug_macro   0x0000000000000000      0x12e ./library/handlerMotor.o
 .debug_macro   0x0000000000000000       0xa0 ./library/handlerMotor.o
 .debug_macro   0x0000000000000000      0x5b3 ./library/handlerMotor.o
 .debug_macro   0x0000000000000000     0x164c ./library/handlerMotor.o
 .debug_macro   0x0000000000000000      0x768 ./library/handlerMotor.o
 .debug_macro   0x0000000000000000      0x7a6 ./library/handlerMotor.o
 .debug_macro   0x0000000000000000       0x40 ./library/handlerMotor.o
 .debug_macro   0x0000000000000000       0x28 ./library/handlerMotor.o
 .group         0x0000000000000000        0xc ./library/init.o
 .group         0x0000000000000000        0xc ./library/init.o
 .group         0x0000000000000000        0xc ./library/init.o
 .group         0x0000000000000000        0xc ./library/init.o
 .group         0x0000000000000000        0xc ./library/init.o
 .group         0x0000000000000000        0xc ./library/init.o
 .group         0x0000000000000000        0xc ./library/init.o
 .group         0x0000000000000000        0xc ./library/init.o
 .group         0x0000000000000000        0xc ./library/init.o
 .group         0x0000000000000000        0xc ./library/init.o
 .text          0x0000000000000000        0x0 ./library/init.o
 .data          0x0000000000000000        0x0 ./library/init.o
 .bss           0x0000000000000000        0x0 ./library/init.o
 .debug_macro   0x0000000000000000      0xa9c ./library/init.o
 .debug_macro   0x0000000000000000       0x10 ./library/init.o
 .debug_macro   0x0000000000000000      0x12e ./library/init.o
 .debug_macro   0x0000000000000000       0xa0 ./library/init.o
 .debug_macro   0x0000000000000000      0x5b3 ./library/init.o
 .debug_macro   0x0000000000000000     0x164c ./library/init.o
 .debug_macro   0x0000000000000000      0x768 ./library/init.o
 .debug_macro   0x0000000000000000      0x7a6 ./library/init.o
 .debug_macro   0x0000000000000000       0x40 ./library/init.o
 .debug_macro   0x0000000000000000       0x28 ./library/init.o
 .group         0x0000000000000000        0xc ./library/timer.o
 .group         0x0000000000000000        0xc ./library/timer.o
 .group         0x0000000000000000        0xc ./library/timer.o
 .group         0x0000000000000000        0xc ./library/timer.o
 .group         0x0000000000000000        0xc ./library/timer.o
 .group         0x0000000000000000        0xc ./library/timer.o
 .group         0x0000000000000000        0xc ./library/timer.o
 .group         0x0000000000000000        0xc ./library/timer.o
 .group         0x0000000000000000        0xc ./library/timer.o
 .group         0x0000000000000000        0xc ./library/timer.o
 .text          0x0000000000000000        0x0 ./library/timer.o
 .data          0x0000000000000000        0x0 ./library/timer.o
 .bss           0x0000000000000000        0x0 ./library/timer.o
 .debug_macro   0x0000000000000000      0xa9c ./library/timer.o
 .debug_macro   0x0000000000000000       0x10 ./library/timer.o
 .debug_macro   0x0000000000000000      0x12e ./library/timer.o
 .debug_macro   0x0000000000000000       0xa0 ./library/timer.o
 .debug_macro   0x0000000000000000      0x5b3 ./library/timer.o
 .debug_macro   0x0000000000000000     0x164c ./library/timer.o
 .debug_macro   0x0000000000000000      0x768 ./library/timer.o
 .debug_macro   0x0000000000000000      0x7a6 ./library/timer.o
 .debug_macro   0x0000000000000000       0x40 ./library/timer.o
 .debug_macro   0x0000000000000000       0x28 ./library/timer.o
 .text          0x0000000000000000        0x0 /usr/local/mcuxpressoide-11.0.1_2563/ide/plugins/com.nxp.mcuxpresso.tools.linux_11.0.1.201907311258/tools/bin/../lib/gcc/arm-none-eabi/8.2.1/../../../../arm-none-eabi/lib/thumb/v7-m/nofp/libcr_c.a(__weak__main.o)
 .data          0x0000000000000000        0x0 /usr/local/mcuxpressoide-11.0.1_2563/ide/plugins/com.nxp.mcuxpresso.tools.linux_11.0.1.201907311258/tools/bin/../lib/gcc/arm-none-eabi/8.2.1/../../../../arm-none-eabi/lib/thumb/v7-m/nofp/libcr_c.a(__weak__main.o)
 .bss           0x0000000000000000        0x0 /usr/local/mcuxpressoide-11.0.1_2563/ide/plugins/com.nxp.mcuxpresso.tools.linux_11.0.1.201907311258/tools/bin/../lib/gcc/arm-none-eabi/8.2.1/../../../../arm-none-eabi/lib/thumb/v7-m/nofp/libcr_c.a(__weak__main.o)

Memory Configuration

Name             Origin             Length             Attributes
MFlash512        0x0000000000000000 0x0000000000080000 xr
RamLoc32         0x0000000010000000 0x0000000000008000 xrw
RamAHB32         0x000000002007c000 0x0000000000008000 xrw
*default*        0x0000000000000000 0xffffffffffffffff

Linker script and memory map

LOAD ./src/TPO2019.o
LOAD ./src/cr_startup_lpc175x_6x.o
LOAD ./src/crp.o
LOAD ./library/FW_Timertick.o
LOAD ./library/My_Uart.o
LOAD ./library/PLL.o
LOAD ./library/drv_base.o
LOAD ./library/handlerMotor.o
LOAD ./library/init.o
LOAD ./library/timer.o
START GROUP
LOAD /usr/local/mcuxpressoide-11.0.1_2563/ide/plugins/com.nxp.mcuxpresso.tools.linux_11.0.1.201907311258/tools/bin/../lib/gcc/arm-none-eabi/8.2.1/../../../../arm-none-eabi/lib/thumb/v7-m/nofp/libcr_c.a
LOAD /usr/local/mcuxpressoide-11.0.1_2563/ide/plugins/com.nxp.mcuxpresso.tools.linux_11.0.1.201907311258/tools/bin/../lib/gcc/arm-none-eabi/8.2.1/thumb/v7-m/nofp/libcr_eabihelpers.a
LOAD /usr/local/mcuxpressoide-11.0.1_2563/ide/plugins/com.nxp.mcuxpresso.tools.linux_11.0.1.201907311258/tools/bin/../lib/gcc/arm-none-eabi/8.2.1/thumb/v7-m/nofp/libgcc.a
END GROUP
                0x0000000000000000                __base_MFlash512 = 0x0
                0x0000000000000000                __base_Flash = 0x0
                0x0000000000080000                __top_MFlash512 = 0x80000
                0x0000000000080000                __top_Flash = 0x80000
                0x0000000010000000                __base_RamLoc32 = 0x10000000
                0x0000000010000000                __base_RAM = 0x10000000
                0x0000000010008000                __top_RamLoc32 = 0x10008000
                0x0000000010008000                __top_RAM = 0x10008000
                0x000000002007c000                __base_RamAHB32 = 0x2007c000
                0x000000002007c000                __base_RAM2 = 0x2007c000
                0x0000000020084000                __top_RamAHB32 = 0x20084000
                0x0000000020084000                __top_RAM2 = 0x20084000

.text           0x0000000000000000      0xe8c
 FILL mask 0xff
                0x0000000000000000                __vectors_start__ = ABSOLUTE (.)
 *(.isr_vector)
 .isr_vector    0x0000000000000000       0xcc ./src/cr_startup_lpc175x_6x.o
                0x0000000000000000                g_pfnVectors
                0x00000000000000cc                . = ALIGN (0x4)
                0x00000000000000cc                __section_table_start = .
                0x00000000000000cc                __data_section_table = .
                0x00000000000000cc        0x4 LONG 0xe8c LOADADDR (.data)
                0x00000000000000d0        0x4 LONG 0x10000000 ADDR (.data)
                0x00000000000000d4        0x4 LONG 0x14 SIZEOF (.data)
                0x00000000000000d8        0x4 LONG 0xe8c LOADADDR (.data_RAM2)
                0x00000000000000dc        0x4 LONG 0x2007c000 ADDR (.data_RAM2)
                0x00000000000000e0        0x4 LONG 0x0 SIZEOF (.data_RAM2)
                0x00000000000000e4                __data_section_table_end = .
                0x00000000000000e4                __bss_section_table = .
                0x00000000000000e4        0x4 LONG 0x10000014 ADDR (.bss)
                0x00000000000000e8        0x4 LONG 0x20 SIZEOF (.bss)
                0x00000000000000ec        0x4 LONG 0x2007c000 ADDR (.bss_RAM2)
                0x00000000000000f0        0x4 LONG 0x0 SIZEOF (.bss_RAM2)
                0x00000000000000f4                __bss_section_table_end = .
                0x00000000000000f4                __section_table_end = .
 *(.after_vectors*)
 .after_vectors
                0x00000000000000f4      0x128 ./src/cr_startup_lpc175x_6x.o
                0x00000000000000f4                data_init
                0x0000000000000136                bss_init
                0x000000000000016c                ResetISR
                0x00000000000001e0                NMI_Handler
                0x00000000000001e6                HardFault_Handler
                0x00000000000001ec                MemManage_Handler
                0x00000000000001f2                BusFault_Handler
                0x00000000000001f8                UsageFault_Handler
                0x00000000000001fe                SVC_Handler
                0x0000000000000204                DebugMon_Handler
                0x000000000000020a                PendSV_Handler
                0x0000000000000216                TIMER2_IRQHandler
                0x0000000000000216                RIT_IRQHandler
                0x0000000000000216                I2C0_IRQHandler
                0x0000000000000216                USBActivity_IRQHandler
                0x0000000000000216                PWM1_IRQHandler
                0x0000000000000216                I2C1_IRQHandler
                0x0000000000000216                EINT2_IRQHandler
                0x0000000000000216                EINT3_IRQHandler
                0x0000000000000216                CANActivity_IRQHandler
                0x0000000000000216                TIMER3_IRQHandler
                0x0000000000000216                UART0_IRQHandler
                0x0000000000000216                IntDefaultHandler
                0x0000000000000216                PLL0_IRQHandler
                0x0000000000000216                CAN_IRQHandler
                0x0000000000000216                PLL1_IRQHandler
                0x0000000000000216                SSP0_IRQHandler
                0x0000000000000216                I2S_IRQHandler
                0x0000000000000216                I2C2_IRQHandler
                0x0000000000000216                RTC_IRQHandler
                0x0000000000000216                SPI_IRQHandler
                0x0000000000000216                EINT1_IRQHandler
                0x0000000000000216                TIMER1_IRQHandler
                0x0000000000000216                UART2_IRQHandler
                0x0000000000000216                ADC_IRQHandler
                0x0000000000000216                SSP1_IRQHandler
                0x0000000000000216                USB_IRQHandler
                0x0000000000000216                BOD_IRQHandler
                0x0000000000000216                WDT_IRQHandler
                0x0000000000000216                QEI_IRQHandler
                0x0000000000000216                EINT0_IRQHandler
                0x0000000000000216                DMA_IRQHandler
                0x0000000000000216                UART3_IRQHandler
                0x0000000000000216                MCPWM_IRQHandler
                0x0000000000000216                ENET_IRQHandler
                0x00000000000002fc                . = 0x2fc
 *fill*         0x000000000000021c       0xe0 ff
                0x00000000000002fc                PROVIDE (__CRP_WORD_START__ = .)
 *(.crp)
 .crp           0x00000000000002fc        0x4 ./src/crp.o
                0x00000000000002fc                CRP_WORD
                0x0000000000000300                PROVIDE (__CRP_WORD_END__ = .)
                0x0000000000000001                ASSERT (! ((__CRP_WORD_START__ == __CRP_WORD_END__)), Linker CRP Enabled, but no CRP_WORD provided within application)
 *(.text*)
 .text.main     0x0000000000000300       0x12 ./src/TPO2019.o
                0x0000000000000300                main
 *fill*         0x0000000000000312        0x2 ff
 .text.instruction
                0x0000000000000314      0x150 ./src/TPO2019.o
                0x0000000000000314                instruction
 .text.poolFlagComunication
                0x0000000000000464       0xa0 ./src/TPO2019.o
                0x0000000000000464                poolFlagComunication
 .text.keepAlive
                0x0000000000000504        0xc ./src/TPO2019.o
                0x0000000000000504                keepAlive
 .text.restartCounterKeepAlive
                0x0000000000000510       0x18 ./src/TPO2019.o
                0x0000000000000510                restartCounterKeepAlive
 .text.charInList
                0x0000000000000528       0x48 ./src/TPO2019.o
                0x0000000000000528                charInList
 .text.SysTick_Handler
                0x0000000000000570       0x34 ./library/FW_Timertick.o
                0x0000000000000570                SysTick_Handler
 .text.UART1_IRQHandler
                0x00000000000005a4       0x7c ./library/My_Uart.o
                0x00000000000005a4                UART1_IRQHandler
 .text.UART1_PushRx
                0x0000000000000620       0x58 ./library/My_Uart.o
                0x0000000000000620                UART1_PushRx
 .text.UART1_PopTx
                0x0000000000000678       0x6c ./library/My_Uart.o
                0x0000000000000678                UART1_PopTx
 .text.UART1_PopRx
                0x00000000000006e4       0x70 ./library/My_Uart.o
                0x00000000000006e4                UART1_PopRx
 .text.InitPLL  0x0000000000000754      0x140 ./library/PLL.o
                0x0000000000000754                InitPLL
 .text.SetPINSEL
                0x0000000000000894       0x8a ./library/drv_base.o
                0x0000000000000894                SetPINSEL
 *fill*         0x000000000000091e        0x2 ff
 .text.SetDIR   0x0000000000000920       0xb0 ./library/drv_base.o
                0x0000000000000920                SetDIR
 .text.SetPIN   0x00000000000009d0       0x56 ./library/drv_base.o
                0x00000000000009d0                SetPIN
 *fill*         0x0000000000000a26        0x2 ff
 .text.servoMotor
                0x0000000000000a28       0x48 ./library/handlerMotor.o
                0x0000000000000a28                servoMotor
 .text.avanzar  0x0000000000000a70       0x16 ./library/handlerMotor.o
                0x0000000000000a70                avanzar
 .text.retroceder
                0x0000000000000a86       0x16 ./library/handlerMotor.o
                0x0000000000000a86                retroceder
 .text.frenar   0x0000000000000a9c       0x16 ./library/handlerMotor.o
                0x0000000000000a9c                frenar
 .text.motorDerechoAvanzar
                0x0000000000000ab2       0x1c ./library/handlerMotor.o
                0x0000000000000ab2                motorDerechoAvanzar
 .text.motorDerechoRetroceder
                0x0000000000000ace       0x1c ./library/handlerMotor.o
                0x0000000000000ace                motorDerechoRetroceder
 .text.motorDerechoFrenar
                0x0000000000000aea       0x1c ./library/handlerMotor.o
                0x0000000000000aea                motorDerechoFrenar
 .text.motorIzquierdoAvanzar
                0x0000000000000b06       0x1c ./library/handlerMotor.o
                0x0000000000000b06                motorIzquierdoAvanzar
 .text.motorIzquierdoRetroceder
                0x0000000000000b22       0x1c ./library/handlerMotor.o
                0x0000000000000b22                motorIzquierdoRetroceder
 .text.motorIzquierdoFrenar
                0x0000000000000b3e       0x1c ./library/handlerMotor.o
                0x0000000000000b3e                motorIzquierdoFrenar
 .text.init     0x0000000000000b5a       0x20 ./library/init.o
                0x0000000000000b5a                init
 .text.initGPIO
                0x0000000000000b7a       0xda ./library/init.o
                0x0000000000000b7a                initGPIO
 .text.InitSystick
                0x0000000000000c54       0x34 ./library/init.o
                0x0000000000000c54                InitSystick
 .text.TIMER0_Init
                0x0000000000000c88       0xf8 ./library/init.o
                0x0000000000000c88                TIMER0_Init
 .text.UART1_Init
                0x0000000000000d80       0xa4 ./library/init.o
                0x0000000000000d80                UART1_Init
 .text.TIMER0_IRQHandler
                0x0000000000000e24       0x64 ./library/timer.o
                0x0000000000000e24                TIMER0_IRQHandler
 .text.__weak_main
                0x0000000000000e88        0x4 /usr/local/mcuxpressoide-11.0.1_2563/ide/plugins/com.nxp.mcuxpresso.tools.linux_11.0.1.201907311258/tools/bin/../lib/gcc/arm-none-eabi/8.2.1/../../../../arm-none-eabi/lib/thumb/v7-m/nofp/libcr_c.a(__weak__main.o)
                0x0000000000000e88                __main
                0x0000000000000e88                __weak_main
 *(.rodata .rodata.* .constdata .constdata.*)
                0x0000000000000e8c                . = ALIGN (0x4)

.glue_7         0x0000000000000e8c        0x0
 .glue_7        0x0000000000000e8c        0x0 linker stubs

.glue_7t        0x0000000000000e8c        0x0
 .glue_7t       0x0000000000000e8c        0x0 linker stubs

.vfp11_veneer   0x0000000000000e8c        0x0
 .vfp11_veneer  0x0000000000000e8c        0x0 linker stubs

.v4_bx          0x0000000000000e8c        0x0
 .v4_bx         0x0000000000000e8c        0x0 linker stubs

.iplt           0x0000000000000e8c        0x0
 .iplt          0x0000000000000e8c        0x0 ./src/TPO2019.o

.rel.dyn        0x0000000000000e8c        0x0
 .rel.iplt      0x0000000000000e8c        0x0 ./src/TPO2019.o

.ARM.extab
 *(.ARM.extab* .gnu.linkonce.armextab.*)
                0x0000000000000e8c                __exidx_start = .

.ARM.exidx
 *(.ARM.exidx* .gnu.linkonce.armexidx.*)
                0x0000000000000e8c                __exidx_end = .
                0x0000000000000e8c                _etext = .

.data_RAM2      0x000000002007c000        0x0 load address 0x0000000000000e8c
 FILL mask 0xff
                [!provide]                        PROVIDE (__start_data_RAM2 = .)
 *(.ramfunc.$RAM2)
 *(.ramfunc.$RamAHB32)
 *(.data.$RAM2)
 *(.data.$RamAHB32)
 *(.data.$RAM2.*)
 *(.data.$RamAHB32.*)
                0x000000002007c000                . = ALIGN (0x4)
                [!provide]                        PROVIDE (__end_data_RAM2 = .)

.uninit_RESERVED
                0x0000000010000000        0x0
                0x0000000010000000                . = ALIGN (0x4)
 *(.bss.$RESERVED*)
                0x0000000010000000                . = ALIGN (0x4)
                0x0000000010000000                _end_uninit_RESERVED = .

.data           0x0000000010000000       0x14 load address 0x0000000000000e8c
 FILL mask 0xff
                0x0000000010000000                _data = .
 *(vtable)
 *(.ramfunc*)
 *(CodeQuickAccess)
 *(DataQuickAccess)
 *(RamFunction)
 *(.data*)
 .data.comandList
                0x0000000010000000        0x6 ./src/TPO2019.o
                0x0000000010000000                comandList
 *fill*         0x0000000010000006        0x2 ff
 .data.comandLen
                0x0000000010000008        0x4 ./src/TPO2019.o
                0x0000000010000008                comandLen
 .data.duty     0x000000001000000c        0x4 ./library/timer.o
                0x000000001000000c                duty
 .data.MAX      0x0000000010000010        0x4 ./library/timer.o
                0x0000000010000010                MAX
                0x0000000010000014                . = ALIGN (0x4)
                0x0000000010000014                _edata = .

.igot.plt       0x0000000010000014        0x0 load address 0x0000000000000ea0
 .igot.plt      0x0000000010000014        0x0 ./src/TPO2019.o

.bss_RAM2       0x000000002007c000        0x0
                0x000000002007c000                . = ALIGN (0x4)
                [!provide]                        PROVIDE (__start_bss_RAM2 = .)
 *(.bss.$RAM2)
 *(.bss.$RamAHB32)
 *(.bss.$RAM2.*)
 *(.bss.$RamAHB32.*)
                0x000000002007c000                . = ALIGN ((. != 0x0)?0x4:0x1)
                [!provide]                        PROVIDE (__end_bss_RAM2 = .)

.bss            0x0000000010000014       0x20
                0x0000000010000014                . = ALIGN (0x4)
                0x0000000010000014                _bss = .
 *(.bss*)
 .bss.command   0x0000000010000014        0x1 ./src/TPO2019.o
                0x0000000010000014                command
 .bss.tramaValida
                0x0000000010000015        0x1 ./src/TPO2019.o
                0x0000000010000015                tramaValida
 .bss.estadoRX.4253
                0x0000000010000016        0x1 ./src/TPO2019.o
 *fill*         0x0000000010000017        0x1 
 .bss.counterKeepAlive
                0x0000000010000018        0x4 ./library/FW_Timertick.o
                0x0000000010000018                counterKeepAlive
 .bss.Uart1     0x000000001000001c       0x12 ./library/My_Uart.o
                0x000000001000001c                Uart1
 *fill*         0x000000001000002e        0x2 
 .bss.count     0x0000000010000030        0x4 ./library/timer.o
 *(COMMON)
                0x0000000010000034                . = ALIGN (0x4)
                0x0000000010000034                _ebss = .
                [!provide]                        PROVIDE (end = .)

.noinit_RAM2    0x000000002007c000        0x0
                0x000000002007c000                . = ALIGN (0x4)
 *(.noinit.$RAM2)
 *(.noinit.$RamAHB32)
 *(.noinit.$RAM2.*)
 *(.noinit.$RamAHB32.*)
                0x000000002007c000                . = ALIGN (0x4)

.noinit         0x0000000010000034        0x0
                0x0000000010000034                . = ALIGN (0x4)
                0x0000000010000034                _noinit = .
 *(.noinit*)
                0x0000000010000034                . = ALIGN (0x4)
                0x0000000010000034                _end_noinit = .
                [!provide]                        PROVIDE (_pvHeapStart = DEFINED (__user_heap_base)?__user_heap_base:.)
                0x0000000010008000                PROVIDE (_vStackTop = DEFINED (__user_stack_top)?__user_stack_top:(__top_RamLoc32 - 0x0))
                0xffffffffefff74f2                PROVIDE (__valid_user_code_checksum = (0x0 - ((((((_vStackTop + (ResetISR + 0x1)) + (NMI_Handler + 0x1)) + (HardFault_Handler + 0x1)) + (DEFINED (MemManage_Handler)?MemManage_Handler:0x0 + 0x1)) + (DEFINED (BusFault_Handler)?BusFault_Handler:0x0 + 0x1)) + (DEFINED (UsageFault_Handler)?UsageFault_Handler:0x0 + 0x1))))
                0x0000000000000000                _image_start = LOADADDR (.text)
                0x0000000000000ea0                _image_end = (LOADADDR (.data) + SIZEOF (.data))
                0x0000000000000ea0                _image_size = (_image_end - _image_start)
OUTPUT(TPO2019.axf elf32-littlearm)

.debug_info     0x0000000000000000     0x1933
 .debug_info    0x0000000000000000      0x3fd ./src/TPO2019.o
 .debug_info    0x00000000000003fd      0x276 ./src/cr_startup_lpc175x_6x.o
 .debug_info    0x0000000000000673       0x40 ./src/crp.o
 .debug_info    0x00000000000006b3      0x1fc ./library/FW_Timertick.o
 .debug_info    0x00000000000008af      0x3bb ./library/My_Uart.o
 .debug_info    0x0000000000000c6a       0xc6 ./library/PLL.o
 .debug_info    0x0000000000000d30      0x2a2 ./library/drv_base.o
 .debug_info    0x0000000000000fd2      0x2c6 ./library/handlerMotor.o
 .debug_info    0x0000000000001298      0x367 ./library/init.o
 .debug_info    0x00000000000015ff      0x334 ./library/timer.o

.debug_abbrev   0x0000000000000000      0xaac
 .debug_abbrev  0x0000000000000000      0x1a7 ./src/TPO2019.o
 .debug_abbrev  0x00000000000001a7      0x12a ./src/cr_startup_lpc175x_6x.o
 .debug_abbrev  0x00000000000002d1       0x38 ./src/crp.o
 .debug_abbrev  0x0000000000000309       0xd8 ./library/FW_Timertick.o
 .debug_abbrev  0x00000000000003e1      0x188 ./library/My_Uart.o
 .debug_abbrev  0x0000000000000569       0x9a ./library/PLL.o
 .debug_abbrev  0x0000000000000603      0x141 ./library/drv_base.o
 .debug_abbrev  0x0000000000000744      0x108 ./library/handlerMotor.o
 .debug_abbrev  0x000000000000084c      0x13d ./library/init.o
 .debug_abbrev  0x0000000000000989      0x123 ./library/timer.o

.debug_aranges  0x0000000000000000      0x288
 .debug_aranges
                0x0000000000000000       0x50 ./src/TPO2019.o
 .debug_aranges
                0x0000000000000050       0x80 ./src/cr_startup_lpc175x_6x.o
 .debug_aranges
                0x00000000000000d0       0x18 ./src/crp.o
 .debug_aranges
                0x00000000000000e8       0x20 ./library/FW_Timertick.o
 .debug_aranges
                0x0000000000000108       0x48 ./library/My_Uart.o
 .debug_aranges
                0x0000000000000150       0x20 ./library/PLL.o
 .debug_aranges
                0x0000000000000170       0x38 ./library/drv_base.o
 .debug_aranges
                0x00000000000001a8       0x80 ./library/handlerMotor.o
 .debug_aranges
                0x0000000000000228       0x40 ./library/init.o
 .debug_aranges
                0x0000000000000268       0x20 ./library/timer.o

.debug_ranges   0x0000000000000000      0x1e0
 .debug_ranges  0x0000000000000000       0x40 ./src/TPO2019.o
 .debug_ranges  0x0000000000000040       0x70 ./src/cr_startup_lpc175x_6x.o
 .debug_ranges  0x00000000000000b0       0x10 ./library/FW_Timertick.o
 .debug_ranges  0x00000000000000c0       0x38 ./library/My_Uart.o
 .debug_ranges  0x00000000000000f8       0x10 ./library/PLL.o
 .debug_ranges  0x0000000000000108       0x28 ./library/drv_base.o
 .debug_ranges  0x0000000000000130       0x70 ./library/handlerMotor.o
 .debug_ranges  0x00000000000001a0       0x30 ./library/init.o
 .debug_ranges  0x00000000000001d0       0x10 ./library/timer.o

.debug_macro    0x0000000000000000     0x45dc
 .debug_macro   0x0000000000000000       0xd1 ./src/TPO2019.o
 .debug_macro   0x00000000000000d1      0xa9c ./src/TPO2019.o
 .debug_macro   0x0000000000000b6d       0x82 ./src/TPO2019.o
 .debug_macro   0x0000000000000bef       0x10 ./src/TPO2019.o
 .debug_macro   0x0000000000000bff      0x12e ./src/TPO2019.o
 .debug_macro   0x0000000000000d2d       0xa0 ./src/TPO2019.o
 .debug_macro   0x0000000000000dcd      0x5b3 ./src/TPO2019.o
 .debug_macro   0x0000000000001380     0x164c ./src/TPO2019.o
 .debug_macro   0x00000000000029cc      0x768 ./src/TPO2019.o
 .debug_macro   0x0000000000003134      0x7a6 ./src/TPO2019.o
 .debug_macro   0x00000000000038da       0x40 ./src/TPO2019.o
 .debug_macro   0x000000000000391a       0x28 ./src/TPO2019.o
 .debug_macro   0x0000000000003942       0x1d ./src/cr_startup_lpc175x_6x.o
 .debug_macro   0x000000000000395f       0x1a ./src/crp.o
 .debug_macro   0x0000000000003979       0x34 ./src/crp.o
 .debug_macro   0x00000000000039ad       0xc8 ./library/FW_Timertick.o
 .debug_macro   0x0000000000003a75       0xbe ./library/My_Uart.o
 .debug_macro   0x0000000000003b33       0x71 ./library/PLL.o
 .debug_macro   0x0000000000003ba4      0x7a0 ./library/PLL.o
 .debug_macro   0x0000000000004344       0x5e ./library/drv_base.o
 .debug_macro   0x00000000000043a2       0xbe ./library/handlerMotor.o
 .debug_macro   0x0000000000004460       0xbe ./library/init.o
 .debug_macro   0x000000000000451e       0xbe ./library/timer.o

.debug_line     0x0000000000000000     0x1af4
 .debug_line    0x0000000000000000      0x413 ./src/TPO2019.o
 .debug_line    0x0000000000000413      0x15f ./src/cr_startup_lpc175x_6x.o
 .debug_line    0x0000000000000572       0xb5 ./src/crp.o
 .debug_line    0x0000000000000627      0x268 ./library/FW_Timertick.o
 .debug_line    0x000000000000088f      0x36d ./library/My_Uart.o
 .debug_line    0x0000000000000bfc      0x302 ./library/PLL.o
 .debug_line    0x0000000000000efe      0x2c0 ./library/drv_base.o
 .debug_line    0x00000000000011be      0x39a ./library/handlerMotor.o
 .debug_line    0x0000000000001558      0x337 ./library/init.o
 .debug_line    0x000000000000188f      0x265 ./library/timer.o

.debug_str      0x0000000000000000    0x10c46
 .debug_str     0x0000000000000000    0x10681 ./src/TPO2019.o
                                      0x1072d (size before relaxing)
 .debug_str     0x0000000000010681      0x1d6 ./src/cr_startup_lpc175x_6x.o
                                       0x2f8d (size before relaxing)
 .debug_str     0x0000000000010857       0xe9 ./src/crp.o
                                       0x2e9a (size before relaxing)
 .debug_str     0x0000000000010940       0x1a ./library/FW_Timertick.o
                                      0x10217 (size before relaxing)
 .debug_str     0x000000000001095a       0xe5 ./library/My_Uart.o
                                      0x102b5 (size before relaxing)
 .debug_str     0x0000000000010a3f       0x19 ./library/PLL.o
                                       0xfdcd (size before relaxing)
 .debug_str     0x0000000000010a58       0x65 ./library/drv_base.o
                                       0xe352 (size before relaxing)
 .debug_str     0x0000000000010abd       0xec ./library/handlerMotor.o
                                      0x102b1 (size before relaxing)
 .debug_str     0x0000000000010ba9       0x72 ./library/init.o
                                      0x10240 (size before relaxing)
 .debug_str     0x0000000000010c1b       0x2b ./library/timer.o
                                      0x10222 (size before relaxing)

.comment        0x0000000000000000       0x75
 .comment       0x0000000000000000       0x75 ./src/TPO2019.o
                                         0x76 (size before relaxing)
 .comment       0x0000000000000075       0x76 ./src/cr_startup_lpc175x_6x.o
 .comment       0x0000000000000075       0x76 ./src/crp.o
 .comment       0x0000000000000075       0x76 ./library/FW_Timertick.o
 .comment       0x0000000000000075       0x76 ./library/My_Uart.o
 .comment       0x0000000000000075       0x76 ./library/PLL.o
 .comment       0x0000000000000075       0x76 ./library/drv_base.o
 .comment       0x0000000000000075       0x76 ./library/handlerMotor.o
 .comment       0x0000000000000075       0x76 ./library/init.o
 .comment       0x0000000000000075       0x76 ./library/timer.o
 .comment       0x0000000000000075       0x76 /usr/local/mcuxpressoide-11.0.1_2563/ide/plugins/com.nxp.mcuxpresso.tools.linux_11.0.1.201907311258/tools/bin/../lib/gcc/arm-none-eabi/8.2.1/../../../../arm-none-eabi/lib/thumb/v7-m/nofp/libcr_c.a(__weak__main.o)

.ARM.attributes
                0x0000000000000000       0x2d
 .ARM.attributes
                0x0000000000000000       0x2d ./src/TPO2019.o
 .ARM.attributes
                0x000000000000002d       0x2d ./src/cr_startup_lpc175x_6x.o
 .ARM.attributes
                0x000000000000005a       0x33 ./src/crp.o
 .ARM.attributes
                0x000000000000008d       0x2d ./library/FW_Timertick.o
 .ARM.attributes
                0x00000000000000ba       0x2d ./library/My_Uart.o
 .ARM.attributes
                0x00000000000000e7       0x2d ./library/PLL.o
 .ARM.attributes
                0x0000000000000114       0x2d ./library/drv_base.o
 .ARM.attributes
                0x0000000000000141       0x2d ./library/handlerMotor.o
 .ARM.attributes
                0x000000000000016e       0x2d ./library/init.o
 .ARM.attributes
                0x000000000000019b       0x2d ./library/timer.o
 .ARM.attributes
                0x00000000000001c8       0x2d /usr/local/mcuxpressoide-11.0.1_2563/ide/plugins/com.nxp.mcuxpresso.tools.linux_11.0.1.201907311258/tools/bin/../lib/gcc/arm-none-eabi/8.2.1/../../../../arm-none-eabi/lib/thumb/v7-m/nofp/libcr_c.a(__weak__main.o)

.debug_frame    0x0000000000000000      0x6c4
 .debug_frame   0x0000000000000000       0xf4 ./src/TPO2019.o
 .debug_frame   0x00000000000000f4      0x170 ./src/cr_startup_lpc175x_6x.o
 .debug_frame   0x0000000000000264       0x2c ./library/FW_Timertick.o
 .debug_frame   0x0000000000000290       0xf4 ./library/My_Uart.o
 .debug_frame   0x0000000000000384       0x30 ./library/PLL.o
 .debug_frame   0x00000000000003b4       0xb0 ./library/drv_base.o
 .debug_frame   0x0000000000000464      0x188 ./library/handlerMotor.o
 .debug_frame   0x00000000000005ec       0xac ./library/init.o
 .debug_frame   0x0000000000000698       0x2c ./library/timer.o

Cross Reference Table

Symbol                                            File
ADC_IRQHandler                                    ./src/cr_startup_lpc175x_6x.o
BOD_IRQHandler                                    ./src/cr_startup_lpc175x_6x.o
BusFault_Handler                                  ./src/cr_startup_lpc175x_6x.o
CANActivity_IRQHandler                            ./src/cr_startup_lpc175x_6x.o
CAN_IRQHandler                                    ./src/cr_startup_lpc175x_6x.o
CRP_WORD                                          ./src/crp.o
DMA_IRQHandler                                    ./src/cr_startup_lpc175x_6x.o
DebugMon_Handler                                  ./src/cr_startup_lpc175x_6x.o
EINT0_IRQHandler                                  ./src/cr_startup_lpc175x_6x.o
EINT1_IRQHandler                                  ./src/cr_startup_lpc175x_6x.o
EINT2_IRQHandler                                  ./src/cr_startup_lpc175x_6x.o
EINT3_IRQHandler                                  ./src/cr_startup_lpc175x_6x.o
ENET_IRQHandler                                   ./src/cr_startup_lpc175x_6x.o
GetPIN                                            ./library/drv_base.o
HardFault_Handler                                 ./src/cr_startup_lpc175x_6x.o
I2C0_IRQHandler                                   ./src/cr_startup_lpc175x_6x.o
I2C1_IRQHandler                                   ./src/cr_startup_lpc175x_6x.o
I2C2_IRQHandler                                   ./src/cr_startup_lpc175x_6x.o
I2S_IRQHandler                                    ./src/cr_startup_lpc175x_6x.o
InitPLL                                           ./library/PLL.o
                                                  ./library/init.o
InitSystick                                       ./library/init.o
IntDefaultHandler                                 ./src/cr_startup_lpc175x_6x.o
MAX                                               ./library/timer.o
MCPWM_IRQHandler                                  ./src/cr_startup_lpc175x_6x.o
MemManage_Handler                                 ./src/cr_startup_lpc175x_6x.o
NMI_Handler                                       ./src/cr_startup_lpc175x_6x.o
PLL0_IRQHandler                                   ./src/cr_startup_lpc175x_6x.o
PLL1_IRQHandler                                   ./src/cr_startup_lpc175x_6x.o
PWM1_IRQHandler                                   ./src/cr_startup_lpc175x_6x.o
PendSV_Handler                                    ./src/cr_startup_lpc175x_6x.o
QEI_IRQHandler                                    ./src/cr_startup_lpc175x_6x.o
RIT_IRQHandler                                    ./src/cr_startup_lpc175x_6x.o
RTC_IRQHandler                                    ./src/cr_startup_lpc175x_6x.o
ResetISR                                          ./src/cr_startup_lpc175x_6x.o
SPI_IRQHandler                                    ./src/cr_startup_lpc175x_6x.o
SSP0_IRQHandler                                   ./src/cr_startup_lpc175x_6x.o
SSP1_IRQHandler                                   ./src/cr_startup_lpc175x_6x.o
SVC_Handler                                       ./src/cr_startup_lpc175x_6x.o
SetDIR                                            ./library/drv_base.o
                                                  ./library/init.o
                                                  ./library/handlerMotor.o
SetPIN                                            ./library/drv_base.o
                                                  ./library/timer.o
                                                  ./library/init.o
                                                  ./library/handlerMotor.o
                                                  ./library/FW_Timertick.o
SetPINSEL                                         ./library/drv_base.o
                                                  ./library/init.o
                                                  ./library/handlerMotor.o
SysTick_Handler                                   ./library/FW_Timertick.o
                                                  ./src/cr_startup_lpc175x_6x.o
TIMER0_IRQHandler                                 ./library/timer.o
                                                  ./src/cr_startup_lpc175x_6x.o
TIMER0_Init                                       ./library/init.o
TIMER1_IRQHandler                                 ./src/cr_startup_lpc175x_6x.o
TIMER2_IRQHandler                                 ./src/cr_startup_lpc175x_6x.o
TIMER3_IRQHandler                                 ./src/cr_startup_lpc175x_6x.o
UART0_IRQHandler                                  ./src/cr_startup_lpc175x_6x.o
UART1_IRQHandler                                  ./library/My_Uart.o
                                                  ./src/cr_startup_lpc175x_6x.o
UART1_Init                                        ./library/init.o
UART1_PopRx                                       ./library/My_Uart.o
                                                  ./src/TPO2019.o
UART1_PopTx                                       ./library/My_Uart.o
UART1_PushRx                                      ./library/My_Uart.o
UART1_PushTx                                      ./library/My_Uart.o
UART1_SendData                                    ./library/My_Uart.o
UART2_IRQHandler                                  ./src/cr_startup_lpc175x_6x.o
UART3_IRQHandler                                  ./src/cr_startup_lpc175x_6x.o
USBActivity_IRQHandler                            ./src/cr_startup_lpc175x_6x.o
USB_IRQHandler                                    ./src/cr_startup_lpc175x_6x.o
Uart1                                             ./library/My_Uart.o
UsageFault_Handler                                ./src/cr_startup_lpc175x_6x.o
WDT_IRQHandler                                    ./src/cr_startup_lpc175x_6x.o
__bss_section_table_end                           ./src/cr_startup_lpc175x_6x.o
__data_section_table                              ./src/cr_startup_lpc175x_6x.o
__data_section_table_end                          ./src/cr_startup_lpc175x_6x.o
__main                                            /usr/local/mcuxpressoide-11.0.1_2563/ide/plugins/com.nxp.mcuxpresso.tools.linux_11.0.1.201907311258/tools/bin/../lib/gcc/arm-none-eabi/8.2.1/../../../../arm-none-eabi/lib/thumb/v7-m/nofp/libcr_c.a(__weak__main.o)
                                                  ./src/cr_startup_lpc175x_6x.o
__valid_user_code_checksum                        ./src/cr_startup_lpc175x_6x.o
__weak_main                                       /usr/local/mcuxpressoide-11.0.1_2563/ide/plugins/com.nxp.mcuxpresso.tools.linux_11.0.1.201907311258/tools/bin/../lib/gcc/arm-none-eabi/8.2.1/../../../../arm-none-eabi/lib/thumb/v7-m/nofp/libcr_c.a(__weak__main.o)
_vStackTop                                        ./src/cr_startup_lpc175x_6x.o
auxCommand                                        ./src/TPO2019.o
avanzar                                           ./library/handlerMotor.o
                                                  ./src/TPO2019.o
bss_init                                          ./src/cr_startup_lpc175x_6x.o
charInList                                        ./src/TPO2019.o
comandLen                                         ./src/TPO2019.o
comandList                                        ./src/TPO2019.o
command                                           ./src/TPO2019.o
counterKeepAlive                                  ./library/FW_Timertick.o
                                                  ./src/TPO2019.o
data_init                                         ./src/cr_startup_lpc175x_6x.o
derechaCC                                         ./library/handlerMotor.o
duty                                              ./library/timer.o
                                                  ./library/handlerMotor.o
frenar                                            ./library/handlerMotor.o
                                                  ./src/TPO2019.o
g_pfnVectors                                      ./src/cr_startup_lpc175x_6x.o
init                                              ./library/init.o
                                                  ./src/TPO2019.o
initGPIO                                          ./library/init.o
instruction                                       ./src/TPO2019.o
izquierdaCC                                       ./library/handlerMotor.o
keepAlive                                         ./src/TPO2019.o
main                                              ./src/TPO2019.o
                                                  /usr/local/mcuxpressoide-11.0.1_2563/ide/plugins/com.nxp.mcuxpresso.tools.linux_11.0.1.201907311258/tools/bin/../lib/gcc/arm-none-eabi/8.2.1/../../../../arm-none-eabi/lib/thumb/v7-m/nofp/libcr_c.a(__weak__main.o)
motorDerechoAvanzar                               ./library/handlerMotor.o
motorDerechoFrenar                                ./library/handlerMotor.o
motorDerechoRetroceder                            ./library/handlerMotor.o
motorIzquierdoAvanzar                             ./library/handlerMotor.o
motorIzquierdoFrenar                              ./library/handlerMotor.o
motorIzquierdoRetroceder                          ./library/handlerMotor.o
notCommand                                        ./library/handlerMotor.o
poolFlagComunication                              ./src/TPO2019.o
poolFlagGPS                                       ./src/TPO2019.o
restartCounterKeepAlive                           ./src/TPO2019.o
retroceder                                        ./library/handlerMotor.o
                                                  ./src/TPO2019.o
servoMotor                                        ./library/handlerMotor.o
                                                  ./src/TPO2019.o
tramaGPS                                          ./src/TPO2019.o
tramaValida                                       ./src/TPO2019.o
